[debug] [2026-04-22T04:40:58.877Z] ----------------------------------------------------------------------
[debug] [2026-04-22T04:40:58.879Z] Command:       /Users/test/.nvm/versions/node/v24.15.0/bin/node /Users/test/.nvm/versions/node/v24.15.0/bin/firebase deploy
[debug] [2026-04-22T04:40:58.879Z] CLI Version:   15.15.0
[debug] [2026-04-22T04:40:58.879Z] Platform:      darwin
[debug] [2026-04-22T04:40:58.879Z] Node Version:  v24.15.0
[debug] [2026-04-22T04:40:58.879Z] Time:          Wed Apr 22 2026 00:40:58 GMT-0400 (Eastern Daylight Time)
[debug] [2026-04-22T04:40:58.879Z] ----------------------------------------------------------------------
[debug] 
[debug] [2026-04-22T04:40:59.620Z] > command requires scopes: ["email","openid","https://www.googleapis.com/auth/cloudplatformprojects.readonly","https://www.googleapis.com/auth/firebase","https://www.googleapis.com/auth/cloud-platform"]
[debug] [2026-04-22T04:40:59.621Z] > authorizing via signed-in user (horasha.smith@gmail.com)
[debug] [2026-04-22T04:40:59.621Z] [iam] checking project numi-81af9 for permissions ["firebase.projects.get"]
[debug] [2026-04-22T04:40:59.621Z] Checked if tokens are valid: false, expires at: 1776833308524
[debug] [2026-04-22T04:40:59.621Z] Checked if tokens are valid: false, expires at: 1776833308524
[debug] [2026-04-22T04:40:59.621Z] > refreshing access token with scopes: []
[debug] [2026-04-22T04:40:59.622Z] >>> [apiv2][query] POST https://www.googleapis.com/oauth2/v3/token [none]
[debug] [2026-04-22T04:40:59.622Z] >>> [apiv2][body] POST https://www.googleapis.com/oauth2/v3/token [omitted]
[debug] [2026-04-22T04:40:59.844Z] <<< [apiv2][status] POST https://www.googleapis.com/oauth2/v3/token 200
[debug] [2026-04-22T04:40:59.844Z] <<< [apiv2][body] POST https://www.googleapis.com/oauth2/v3/token [omitted]
[debug] [2026-04-22T04:40:59.862Z] >>> [apiv2][query] POST https://cloudresourcemanager.googleapis.com/v1/projects/numi-81af9:testIamPermissions [none]
[debug] [2026-04-22T04:40:59.862Z] >>> [apiv2][(partial)header] POST https://cloudresourcemanager.googleapis.com/v1/projects/numi-81af9:testIamPermissions  x-goog-user-project=numi-81af9
[debug] [2026-04-22T04:40:59.862Z] >>> [apiv2][body] POST https://cloudresourcemanager.googleapis.com/v1/projects/numi-81af9:testIamPermissions {"permissions":["firebase.projects.get"]}
[debug] [2026-04-22T04:41:00.199Z] <<< [apiv2][status] POST https://cloudresourcemanager.googleapis.com/v1/projects/numi-81af9:testIamPermissions 200
[debug] [2026-04-22T04:41:00.199Z] <<< [apiv2][body] POST https://cloudresourcemanager.googleapis.com/v1/projects/numi-81af9:testIamPermissions {"permissions":["firebase.projects.get"]}
[info] 
[info] === Deploying to 'numi-81af9'...
[info] 
[info] i  deploying apphosting 
[debug] [2026-04-22T04:41:00.204Z] Checked if tokens are valid: true, expires at: 1776836458845
[debug] [2026-04-22T04:41:00.204Z] Checked if tokens are valid: true, expires at: 1776836458845
[debug] [2026-04-22T04:41:00.204Z] >>> [apiv2][query] POST https://iam.googleapis.com/v1/projects/numi-81af9/serviceAccounts/firebase-app-hosting-compute@numi-81af9.iam.gserviceaccount.com:testIamPermissions [none]
[debug] [2026-04-22T04:41:00.204Z] >>> [apiv2][(partial)header] POST https://iam.googleapis.com/v1/projects/numi-81af9/serviceAccounts/firebase-app-hosting-compute@numi-81af9.iam.gserviceaccount.com:testIamPermissions  x-goog-user-project=numi-81af9
[debug] [2026-04-22T04:41:00.204Z] >>> [apiv2][body] POST https://iam.googleapis.com/v1/projects/numi-81af9/serviceAccounts/firebase-app-hosting-compute@numi-81af9.iam.gserviceaccount.com:testIamPermissions {"permissions":["iam.serviceAccounts.actAs"]}
[debug] [2026-04-22T04:41:00.555Z] <<< [apiv2][status] POST https://iam.googleapis.com/v1/projects/numi-81af9/serviceAccounts/firebase-app-hosting-compute@numi-81af9.iam.gserviceaccount.com:testIamPermissions 200
[debug] [2026-04-22T04:41:00.556Z] <<< [apiv2][body] POST https://iam.googleapis.com/v1/projects/numi-81af9/serviceAccounts/firebase-app-hosting-compute@numi-81af9.iam.gserviceaccount.com:testIamPermissions {"permissions":["iam.serviceAccounts.actAs"]}
[debug] [2026-04-22T04:41:00.557Z] Checked if tokens are valid: true, expires at: 1776836458845
[debug] [2026-04-22T04:41:00.557Z] Checked if tokens are valid: true, expires at: 1776836458845
[debug] [2026-04-22T04:41:00.557Z] >>> [apiv2][query] POST https://iam.googleapis.com/v1/projects/numi-81af9/serviceAccounts [none]
[debug] [2026-04-22T04:41:00.557Z] >>> [apiv2][body] POST https://iam.googleapis.com/v1/projects/numi-81af9/serviceAccounts {"accountId":"firebase-app-hosting-compute","serviceAccount":{"displayName":"Firebase App Hosting compute service account","description":"Default service account used to run builds and deploys for Firebase App Hosting"}}
[debug] [2026-04-22T04:41:01.057Z] <<< [apiv2][status] POST https://iam.googleapis.com/v1/projects/numi-81af9/serviceAccounts 409
[debug] [2026-04-22T04:41:01.057Z] <<< [apiv2][body] POST https://iam.googleapis.com/v1/projects/numi-81af9/serviceAccounts [omitted]
[debug] [2026-04-22T04:41:01.059Z] Checked if tokens are valid: true, expires at: 1776836458845
[debug] [2026-04-22T04:41:01.059Z] Checked if tokens are valid: true, expires at: 1776836458845
[debug] [2026-04-22T04:41:01.060Z] >>> [apiv2][query] POST https://cloudresourcemanager.googleapis.com/v1/projects/numi-81af9:getIamPolicy [none]
[debug] [2026-04-22T04:41:01.256Z] <<< [apiv2][status] POST https://cloudresourcemanager.googleapis.com/v1/projects/numi-81af9:getIamPolicy 200
[debug] [2026-04-22T04:41:01.257Z] <<< [apiv2][body] POST https://cloudresourcemanager.googleapis.com/v1/projects/numi-81af9:getIamPolicy {"version":1,"etag":"BwZQBOo8oPM=","bindings":[{"role":"roles/artifactregistry.serviceAgent","members":["serviceAccount:service-178301343406@gcp-sa-artifactregistry.iam.gserviceaccount.com"]},{"role":"roles/cloudbuild.builds.builder","members":["serviceAccount:178301343406@cloudbuild.gserviceaccount.com"]},{"role":"roles/cloudbuild.serviceAgent","members":["serviceAccount:service-178301343406@gcp-sa-cloudbuild.iam.gserviceaccount.com"]},{"role":"roles/containerregistry.ServiceAgent","members":["serviceAccount:service-178301343406@containerregistry.iam.gserviceaccount.com"]},{"role":"roles/developerconnect.readTokenAccessor","members":["serviceAccount:firebase-app-hosting-compute@numi-81af9.iam.gserviceaccount.com"]},{"role":"roles/developerconnect.serviceAgent","members":["serviceAccount:service-178301343406@gcp-sa-devconnect.iam.gserviceaccount.com"]},{"role":"roles/editor","members":["serviceAccount:178301343406-compute@developer.gserviceaccount.com"]},{"role":"roles/firebase.managementServiceAgent","members":["serviceAccount:service-178301343406@gcp-sa-firebase.iam.gserviceaccount.com"]},{"role":"roles/firebase.sdkAdminServiceAgent","members":["serviceAccount:firebase-adminsdk-fbsvc@numi-81af9.iam.gserviceaccount.com","serviceAccount:firebase-app-hosting-compute@numi-81af9.iam.gserviceaccount.com"]},{"role":"roles/firebaseapphosting.computeRunner","members":["serviceAccount:firebase-app-hosting-compute@numi-81af9.iam.gserviceaccount.com"]},{"role":"roles/firebaseapphosting.serviceAgent","members":["serviceAccount:service-178301343406@gcp-sa-firebaseapphosting.iam.gserviceaccount.com"]},{"role":"roles/iam.serviceAccountTokenCreator","members":["serviceAccount:firebase-adminsdk-fbsvc@numi-81af9.iam.gserviceaccount.com"]},{"role":"roles/owner","members":["user:horasha.smith@gmail.com"]},{"role":"roles/run.serviceAgent","members":["serviceAccount:service-178301343406@serverless-robot-prod.iam.gserviceaccount.com"]},{"role":"roles/secretmanager.admin_withcond_7591b0b0d0348b6ac35e","members":["serviceAccount:service-178301343406@gcp-sa-devconnect.iam.gserviceaccount.com"]},{"role":"roles/storage.objectViewer","members":["serviceAccount:firebase-app-hosting-compute@numi-81af9.iam.gserviceaccount.com"]}]}
[debug] [2026-04-22T04:41:01.257Z] Checked if tokens are valid: true, expires at: 1776836458845
[debug] [2026-04-22T04:41:01.258Z] Checked if tokens are valid: true, expires at: 1776836458845
[debug] [2026-04-22T04:41:01.258Z] >>> [apiv2][query] POST https://cloudresourcemanager.googleapis.com/v1/projects/numi-81af9:setIamPolicy [none]
[debug] [2026-04-22T04:41:01.258Z] >>> [apiv2][body] POST https://cloudresourcemanager.googleapis.com/v1/projects/numi-81af9:setIamPolicy {"policy":{"version":1,"etag":"BwZQBOo8oPM=","bindings":[{"role":"roles/artifactregistry.serviceAgent","members":["serviceAccount:service-178301343406@gcp-sa-artifactregistry.iam.gserviceaccount.com"]},{"role":"roles/cloudbuild.builds.builder","members":["serviceAccount:178301343406@cloudbuild.gserviceaccount.com"]},{"role":"roles/cloudbuild.serviceAgent","members":["serviceAccount:service-178301343406@gcp-sa-cloudbuild.iam.gserviceaccount.com"]},{"role":"roles/containerregistry.ServiceAgent","members":["serviceAccount:service-178301343406@containerregistry.iam.gserviceaccount.com"]},{"role":"roles/developerconnect.readTokenAccessor","members":["serviceAccount:firebase-app-hosting-compute@numi-81af9.iam.gserviceaccount.com"]},{"role":"roles/developerconnect.serviceAgent","members":["serviceAccount:service-178301343406@gcp-sa-devconnect.iam.gserviceaccount.com"]},{"role":"roles/editor","members":["serviceAccount:178301343406-compute@developer.gserviceaccount.com"]},{"role":"roles/firebase.managementServiceAgent","members":["serviceAccount:service-178301343406@gcp-sa-firebase.iam.gserviceaccount.com"]},{"role":"roles/firebase.sdkAdminServiceAgent","members":["serviceAccount:firebase-adminsdk-fbsvc@numi-81af9.iam.gserviceaccount.com","serviceAccount:firebase-app-hosting-compute@numi-81af9.iam.gserviceaccount.com"]},{"role":"roles/firebaseapphosting.computeRunner","members":["serviceAccount:firebase-app-hosting-compute@numi-81af9.iam.gserviceaccount.com"]},{"role":"roles/firebaseapphosting.serviceAgent","members":["serviceAccount:service-178301343406@gcp-sa-firebaseapphosting.iam.gserviceaccount.com"]},{"role":"roles/iam.serviceAccountTokenCreator","members":["serviceAccount:firebase-adminsdk-fbsvc@numi-81af9.iam.gserviceaccount.com"]},{"role":"roles/owner","members":["user:horasha.smith@gmail.com"]},{"role":"roles/run.serviceAgent","members":["serviceAccount:service-178301343406@serverless-robot-prod.iam.gserviceaccount.com"]},{"role":"roles/secretmanager.admin_withcond_7591b0b0d0348b6ac35e","members":["serviceAccount:service-178301343406@gcp-sa-devconnect.iam.gserviceaccount.com"]},{"role":"roles/storage.objectViewer","members":["serviceAccount:firebase-app-hosting-compute@numi-81af9.iam.gserviceaccount.com"]}]},"updateMask":"bindings"}
[debug] [2026-04-22T04:41:02.054Z] <<< [apiv2][status] POST https://cloudresourcemanager.googleapis.com/v1/projects/numi-81af9:setIamPolicy 200
[debug] [2026-04-22T04:41:02.054Z] <<< [apiv2][body] POST https://cloudresourcemanager.googleapis.com/v1/projects/numi-81af9:setIamPolicy {"version":1,"etag":"BwZQBSOScnQ=","bindings":[{"role":"roles/artifactregistry.serviceAgent","members":["serviceAccount:service-178301343406@gcp-sa-artifactregistry.iam.gserviceaccount.com"]},{"role":"roles/cloudbuild.builds.builder","members":["serviceAccount:178301343406@cloudbuild.gserviceaccount.com"]},{"role":"roles/cloudbuild.serviceAgent","members":["serviceAccount:service-178301343406@gcp-sa-cloudbuild.iam.gserviceaccount.com"]},{"role":"roles/containerregistry.ServiceAgent","members":["serviceAccount:service-178301343406@containerregistry.iam.gserviceaccount.com"]},{"role":"roles/developerconnect.readTokenAccessor","members":["serviceAccount:firebase-app-hosting-compute@numi-81af9.iam.gserviceaccount.com"]},{"role":"roles/developerconnect.serviceAgent","members":["serviceAccount:service-178301343406@gcp-sa-devconnect.iam.gserviceaccount.com"]},{"role":"roles/editor","members":["serviceAccount:178301343406-compute@developer.gserviceaccount.com"]},{"role":"roles/firebase.managementServiceAgent","members":["serviceAccount:service-178301343406@gcp-sa-firebase.iam.gserviceaccount.com"]},{"role":"roles/firebase.sdkAdminServiceAgent","members":["serviceAccount:firebase-adminsdk-fbsvc@numi-81af9.iam.gserviceaccount.com","serviceAccount:firebase-app-hosting-compute@numi-81af9.iam.gserviceaccount.com"]},{"role":"roles/firebaseapphosting.computeRunner","members":["serviceAccount:firebase-app-hosting-compute@numi-81af9.iam.gserviceaccount.com"]},{"role":"roles/firebaseapphosting.serviceAgent","members":["serviceAccount:service-178301343406@gcp-sa-firebaseapphosting.iam.gserviceaccount.com"]},{"role":"roles/iam.serviceAccountTokenCreator","members":["serviceAccount:firebase-adminsdk-fbsvc@numi-81af9.iam.gserviceaccount.com"]},{"role":"roles/owner","members":["user:horasha.smith@gmail.com"]},{"role":"roles/run.serviceAgent","members":["serviceAccount:service-178301343406@serverless-robot-prod.iam.gserviceaccount.com"]},{"role":"roles/secretmanager.admin_withcond_7591b0b0d0348b6ac35e","members":["serviceAccount:service-178301343406@gcp-sa-devconnect.iam.gserviceaccount.com"]},{"role":"roles/storage.objectViewer","members":["serviceAccount:firebase-app-hosting-compute@numi-81af9.iam.gserviceaccount.com"]}]}
[debug] [2026-04-22T04:41:02.055Z] Checked if tokens are valid: true, expires at: 1776836458845
[debug] [2026-04-22T04:41:02.056Z] Checked if tokens are valid: true, expires at: 1776836458845
[debug] [2026-04-22T04:41:02.056Z] >>> [apiv2][query] GET https://firebaseapphosting.googleapis.com/v1beta/projects/numi-81af9/locations/-/backends 
[debug] [2026-04-22T04:41:02.666Z] <<< [apiv2][status] GET https://firebaseapphosting.googleapis.com/v1beta/projects/numi-81af9/locations/-/backends 200
[debug] [2026-04-22T04:41:02.666Z] <<< [apiv2][body] GET https://firebaseapphosting.googleapis.com/v1beta/projects/numi-81af9/locations/-/backends {"backends":[{"name":"projects/numi-81af9/locations/us-east4/backends/my-web-app","createTime":"2026-04-22T04:05:07.589695489Z","updateTime":"2026-04-22T04:26:30.683875Z","labels":{"deployment-tool":"cli-firebase"},"uri":"my-web-app--numi-81af9.us-east4.hosted.app","codebase":{"repository":"projects/numi-81af9/locations/us-east4/connections/apphosting-github-conn-7pspfhr/gitRepositoryLinks/94THSTUDIOS-numi-digital-experience","rootDirectory":"/numi"},"uid":"fc9829c8-882d-4561-b051-3943aa2a073d","etag":"RB9H8Z1_K1xF5uecSNEFvBE2-ICexnW8iBiyNbAWUP0","reconciling":false,"servingLocality":"GLOBAL_ACCESS","serviceAccount":"firebase-app-hosting-compute@numi-81af9.iam.gserviceaccount.com","appId":"1:178301343406:web:6a2005e72af03127d8bf3f"}]}
[info] i  apphosting: Found backend(s) my-web-app 
[debug] [2026-04-22T04:41:02.667Z] Checked if tokens are valid: true, expires at: 1776836458845
[debug] [2026-04-22T04:41:02.667Z] Checked if tokens are valid: true, expires at: 1776836458845
[debug] [2026-04-22T04:41:02.667Z] >>> [apiv2][query] GET https://developerconnect.googleapis.com/v1/projects/numi-81af9/locations/us-east4/connections/apphosting-github-conn-7pspfhr/gitRepositoryLinks/94THSTUDIOS-numi-digital-experience [none]
[debug] [2026-04-22T04:41:03.018Z] <<< [apiv2][status] GET https://developerconnect.googleapis.com/v1/projects/numi-81af9/locations/us-east4/connections/apphosting-github-conn-7pspfhr/gitRepositoryLinks/94THSTUDIOS-numi-digital-experience 200
[debug] [2026-04-22T04:41:03.018Z] <<< [apiv2][body] GET https://developerconnect.googleapis.com/v1/projects/numi-81af9/locations/us-east4/connections/apphosting-github-conn-7pspfhr/gitRepositoryLinks/94THSTUDIOS-numi-digital-experience {"name":"projects/numi-81af9/locations/us-east4/connections/apphosting-github-conn-7pspfhr/gitRepositoryLinks/94THSTUDIOS-numi-digital-experience","cloneUri":"https://github.com/94THSTUDIOS/numi-digital-experience.git","createTime":"2026-04-22T04:20:04.961688993Z","updateTime":"2026-04-22T04:20:05.353668369Z"}
[info] ✔  Wrote /Users/test/Desktop/numi-digital-experience/numi-digital-experience/numi/firebase.json 
[info] i  apphosting: On future invocations of "firebase deploy", your local source will be deployed to my-web-app. You can edit this setting in your firebase.json at any time. 
[debug] [2026-04-22T04:41:09.307Z] Checked if tokens are valid: true, expires at: 1776836458845
[debug] [2026-04-22T04:41:09.307Z] Checked if tokens are valid: true, expires at: 1776836458845
[debug] [2026-04-22T04:41:09.307Z] >>> [apiv2][query] GET https://serviceusage.googleapis.com/v1/projects/numi-81af9/services/cloudresourcemanager.googleapis.com [none]
[debug] [2026-04-22T04:41:09.308Z] >>> [apiv2][(partial)header] GET https://serviceusage.googleapis.com/v1/projects/numi-81af9/services/cloudresourcemanager.googleapis.com  x-goog-user-project=numi-81af9
[debug] [2026-04-22T04:41:09.821Z] <<< [apiv2][status] GET https://serviceusage.googleapis.com/v1/projects/numi-81af9/services/cloudresourcemanager.googleapis.com 200
[debug] [2026-04-22T04:41:09.821Z] <<< [apiv2][body] GET https://serviceusage.googleapis.com/v1/projects/numi-81af9/services/cloudresourcemanager.googleapis.com [omitted]
[debug] [2026-04-22T04:41:09.832Z] Checked if tokens are valid: true, expires at: 1776836458845
[debug] [2026-04-22T04:41:09.832Z] Checked if tokens are valid: true, expires at: 1776836458845
[debug] [2026-04-22T04:41:09.832Z] >>> [apiv2][query] GET https://cloudresourcemanager.googleapis.com/v1/projects/numi-81af9 [none]
[debug] [2026-04-22T04:41:10.024Z] <<< [apiv2][status] GET https://cloudresourcemanager.googleapis.com/v1/projects/numi-81af9 200
[debug] [2026-04-22T04:41:10.025Z] <<< [apiv2][body] GET https://cloudresourcemanager.googleapis.com/v1/projects/numi-81af9 {"projectNumber":"178301343406","projectId":"numi-81af9","lifecycleState":"ACTIVE","name":"Numi","labels":{"firebase":"enabled","firebase-core":"disabled"},"createTime":"2026-04-22T03:19:42.833Z"}
[debug] [2026-04-22T04:41:10.025Z] Checked if tokens are valid: true, expires at: 1776836458845
[debug] [2026-04-22T04:41:10.025Z] Checked if tokens are valid: true, expires at: 1776836458845
[debug] [2026-04-22T04:41:10.025Z] >>> [apiv2][query] GET https://storage.googleapis.com/storage/v1/b?project=numi-81af9 
[debug] [2026-04-22T04:41:10.281Z] <<< [apiv2][status] GET https://storage.googleapis.com/storage/v1/b?project=numi-81af9 200
[debug] [2026-04-22T04:41:10.282Z] <<< [apiv2][body] GET https://storage.googleapis.com/storage/v1/b?project=numi-81af9 {"kind":"storage#buckets"}
[info] i  apphosting: Creating Cloud Storage bucket in us-east4 to store App Hosting source code uploads at firebaseapphosting-sources-178301343406-us-east4... 
[debug] [2026-04-22T04:41:10.284Z] Checked if tokens are valid: true, expires at: 1776836458845
[debug] [2026-04-22T04:41:10.284Z] Checked if tokens are valid: true, expires at: 1776836458845
[debug] [2026-04-22T04:41:10.284Z] >>> [apiv2][query] POST https://storage.googleapis.com/storage/v1/b project=numi-81af9&predefinedAcl=projectPrivate&predefinedDefaultObjectAcl=projectPrivate
[debug] [2026-04-22T04:41:10.284Z] >>> [apiv2][body] POST https://storage.googleapis.com/storage/v1/b {"name":"firebaseapphosting-sources-178301343406-us-east4","location":"us-east4","lifecycle":{"rule":[{"action":{"type":"Delete"},"condition":{"age":30}}]},"labels":{"apphosting-source-us-east4":"true"}}
[debug] [2026-04-22T04:41:10.875Z] <<< [apiv2][status] POST https://storage.googleapis.com/storage/v1/b 200
[debug] [2026-04-22T04:41:10.878Z] <<< [apiv2][body] POST https://storage.googleapis.com/storage/v1/b {"kind":"storage#bucket","selfLink":"https://www.googleapis.com/storage/v1/b/firebaseapphosting-sources-178301343406-us-east4","id":"firebaseapphosting-sources-178301343406-us-east4","name":"firebaseapphosting-sources-178301343406-us-east4","projectNumber":"178301343406","generation":"1776832870786229703","metageneration":"1","location":"US-EAST4","storageClass":"STANDARD","etag":"CAE=","timeCreated":"2026-04-22T04:41:10.949Z","updated":"2026-04-22T04:41:10.949Z","acl":[{"kind":"storage#bucketAccessControl","id":"firebaseapphosting-sources-178301343406-us-east4/project-owners-178301343406","selfLink":"https://www.googleapis.com/storage/v1/b/firebaseapphosting-sources-178301343406-us-east4/acl/project-owners-178301343406","bucket":"firebaseapphosting-sources-178301343406-us-east4","entity":"project-owners-178301343406","role":"OWNER","etag":"CAE=","projectTeam":{"projectNumber":"178301343406","team":"owners"}},{"kind":"storage#bucketAccessControl","id":"firebaseapphosting-sources-178301343406-us-east4/project-editors-178301343406","selfLink":"https://www.googleapis.com/storage/v1/b/firebaseapphosting-sources-178301343406-us-east4/acl/project-editors-178301343406","bucket":"firebaseapphosting-sources-178301343406-us-east4","entity":"project-editors-178301343406","role":"OWNER","etag":"CAE=","projectTeam":{"projectNumber":"178301343406","team":"editors"}},{"kind":"storage#bucketAccessControl","id":"firebaseapphosting-sources-178301343406-us-east4/project-viewers-178301343406","selfLink":"https://www.googleapis.com/storage/v1/b/firebaseapphosting-sources-178301343406-us-east4/acl/project-viewers-178301343406","bucket":"firebaseapphosting-sources-178301343406-us-east4","entity":"project-viewers-178301343406","role":"READER","etag":"CAE=","projectTeam":{"projectNumber":"178301343406","team":"viewers"}}],"defaultObjectAcl":[{"kind":"storage#objectAccessControl","entity":"project-owners-178301343406","role":"OWNER","etag":"CAE=","projectTeam":{"projectNumber":"178301343406","team":"owners"}},{"kind":"storage#objectAccessControl","entity":"project-editors-178301343406","role":"OWNER","etag":"CAE=","projectTeam":{"projectNumber":"178301343406","team":"editors"}},{"kind":"storage#objectAccessControl","entity":"project-viewers-178301343406","role":"READER","etag":"CAE=","projectTeam":{"projectNumber":"178301343406","team":"viewers"}}],"owner":{"entity":"project-owners-178301343406"},"lifecycle":{"rule":[{"action":{"type":"Delete"},"condition":{"age":30}}]},"labels":{"apphosting-source-us-east4":"true"},"softDeletePolicy":{"retentionDurationSeconds":"604800","effectiveTime":"2026-04-22T04:41:10.949Z"},"iamConfiguration":{"bucketPolicyOnly":{"enabled":false},"uniformBucketLevelAccess":{"enabled":false},"publicAccessPrevention":"inherited"},"locationType":"region","satisfiesPZS":true,"satisfiesPZI":true}
[info] i  apphosting: Zipped source for backend my-web-app 
[info] i  apphosting: Uploading source for backend my-web-app... 
[debug] [2026-04-22T04:41:12.332Z] Checked if tokens are valid: true, expires at: 1776836458845
[debug] [2026-04-22T04:41:12.332Z] Checked if tokens are valid: true, expires at: 1776836458845
[debug] [2026-04-22T04:41:12.332Z] >>> [apiv2][query] PUT https://storage.googleapis.com/firebaseapphosting-sources-178301343406-us-east4/my-web-app--63858-2QadXqc7nS0w-.zip [none]
[debug] [2026-04-22T04:41:12.332Z] >>> [apiv2][body] PUT https://storage.googleapis.com/firebaseapphosting-sources-178301343406-us-east4/my-web-app--63858-2QadXqc7nS0w-.zip [stream]
